
> luthor@0.0.1 build C:\Users\rahul\Documents\GitHub\luthor
> turbo build

pnpm : ÔÇó turbo 2.8.9
At line:1 char:1
+ pnpm build 2>&1 | tee build-output.txt
+ ~~~~~~~~~~~~~~~
    + CategoryInfo          : NotSpecified: (ÔÇó turbo 2.8.9:String) [], Remot 
   eException
    + FullyQualifiedErrorId : NativeCommandError
 
ÔÇó Packages in scope: @lyfie/luthor, @lyfie/luthor-headless, @repo/eslint-config, @repo/typescript-config, @repo/ui, demo
ÔÇó Running build in 6 packages
ÔÇó Remote caching disabled
@lyfie/luthor-headless:build: cache miss, executing ca8fb5df127a23b2
@lyfie/luthor-headless:build: 
@lyfie/luthor-headless:build: > @lyfie/luthor-headless@2.2.0 build C:\Users\rahul\Documents\GitHub\luthor\packages\headless
@lyfie/luthor-headless:build: > tsup
@lyfie/luthor-headless:build: 
@lyfie/luthor-headless:build: [34mCLI[39m Building entry: src/index.ts
@lyfie/luthor-headless:build: [34mCLI[39m Using tsconfig: tsconfig.json
@lyfie/luthor-headless:build: [34mCLI[39m tsup v8.5.1
@lyfie/luthor-headless:build: [34mCLI[39m Using tsup config: C:\Users\rahul\Documents\GitHub\luthor\packages\headless\tsup.config.ts
@lyfie/luthor-headless:build: [34mCLI[39m Target: es2020
@lyfie/luthor-headless:build: [34mCLI[39m Cleaning output folder
@lyfie/luthor-headless:build: [34mESM[39m Build start
@lyfie/luthor-headless:build: [32mESM[39m [1mdist\index.js [22m[32m134.01 KB[39m
@lyfie/luthor-headless:build: [32mESM[39m ÔÜí´©Å Build success in 349ms
@lyfie/luthor-headless:build: [34mDTS[39m Build start
@lyfie/luthor-headless:build: src/utils/EnhancedHTMLConvertor.ts(78,45): error TS2769: No overload matches this call.
@lyfie/luthor-headless:build:   The last overload gave the following error.
@lyfie/luthor-headless:build:     Type 'string | undefined' is not assignable to type 'string'.
@lyfie/luthor-headless:build:       Type 'undefined' is not assignable to type 'string'.
@lyfie/luthor-headless:build: src/utils/EnhancedHTMLConvertor.ts(217,15): error TS18048: 'child' is possibly 'undefined'.
@lyfie/luthor-headless:build: src/utils/EnhancedHTMLConvertor.ts(218,26): error TS18048: 'child' is possibly 'undefined'.
@lyfie/luthor-headless:build: src/utils/EnhancedHTMLConvertor.ts(225,22): error TS18048: 'child' is possibly 'undefined'.
@lyfie/luthor-headless:build: src/utils/EnhancedHTMLConvertor.ts(265,32): error TS2345: Argument of type 'string | undefined' is not assignable to parameter of type 'string'.
@lyfie/luthor-headless:build:   Type 'undefined' is not assignable to type 'string'.
@lyfie/luthor-headless:build: src/utils/EnhancedHTMLConvertor.ts(284,15): error TS18048: 'li' is possibly 'undefined'.
@lyfie/luthor-headless:build: src/utils/EnhancedHTMLConvertor.ts(290,25): error TS18048: 'li' is possibly 'undefined'.
@lyfie/luthor-headless:build: src/utils/EnhancedHTMLConvertor.ts(300,20): error TS2345: Argument of type 'ChildNode | undefined' is not assignable to parameter of type 'Node'.
@lyfie/luthor-headless:build:   Type 'undefined' is not assignable to type 'Node'.
@lyfie/luthor-headless:build: 
@lyfie/luthor-headless:build: [31mError: error occurred in dts build
@lyfie/luthor-headless:build:     at Worker.<anonymous> (C:\Users\rahul\Documents\GitHub\luthor\node_modules\.pnpm\tsup@8.5.1_jiti@2.6.1_postc_61be1d2ce04c10450065902d2329c6e3\node_modules\tsup\dist\index.js:1545:26)
@lyfie/luthor-headless:build:     at Worker.emit (node:events:508:28)
@lyfie/luthor-headless:build:     at MessagePort.<anonymous> (node:internal/worker:332:53)
@lyfie/luthor-headless:build:     at [nodejs.internal.kHybridDispatch] (node:internal/event_target:845:20)
@lyfie/luthor-headless:build:     at MessagePort.<anonymous> (node:internal/per_context/messageport:23:28)[39m
@lyfie/luthor-headless:build: [31mDTS[39m [31mBuild error[39m
@lyfie/luthor-headless:build: ÔÇëELIFECYCLEÔÇë Command failed with exit code 1.
@lyfie/luthor-headless:build: ERROR: command finished with error: command 
(C:\Users\rahul\Documents\GitHub\luthor\packages\headless) 
C:\Users\rahul\AppData\Local\pnpm\.tools\@pnpm+win-x64\10.4.1\bin\pnpm.CMD run 
build exited (1)
@lyfie/luthor-headless#build: command 
(C:\Users\rahul\Documents\GitHub\luthor\packages\headless) 
C:\Users\rahul\AppData\Local\pnpm\.tools\@pnpm+win-x64\10.4.1\bin\pnpm.CMD run 
build exited (1)

 Tasks:    0 successful, 1 total
Cached:    0 cached, 1 total
  Time:    4.678s 
Failed:    @lyfie/luthor-headless#build

 ERROR  run failed: command  exited (1)
ÔÇëELIFECYCLEÔÇë Command failed with exit code 1.
